Component: ARM Compiler 5.06 update 6 (build 750) Tool: armlink [4d35ed]

==============================================================================

Section Cross References

    main.o(i._ttywrch) refers to main.o(i.fputc) for fputc
    main.o(i._ttywrch) refers to main.o(.data) for __stdout
    main.o(i.fgetc) refers to main.o(.data) for ITM_RxBuffer
    main.o(i.main) refers to _printf_percent.o(.ARM.Collect$$_printf_percent$$00000000) for _printf_percent
    main.o(i.main) refers to _printf_f.o(.ARM.Collect$$_printf_percent$$00000003) for _printf_f
    main.o(i.main) refers to printf1.o(x$fpl$printf1) for _printf_fp_dec
    main.o(i.main) refers to main.o(i.GetTemCofHmi) for GetTemCofHmi
    main.o(i.main) refers to tem.o(i.SetTemCof) for SetTemCof
    main.o(i.main) refers to tem.o(i.GetCelTem) for GetCelTem
    main.o(i.main) refers to f2d.o(x$fpl$f2d) for __aeabi_f2d
    main.o(i.main) refers to noretval__2printf.o(.text) for __2printf
    main.o(i.main) refers to tem.o(i.GetFahTem) for GetFahTem
    main.o(i.main) refers to co2.o(i.GetCo2Level) for GetCo2Level
    main.o(i.main) refers to co2.o(i.DisplayCo2Level) for DisplayCo2Level
    main.o(i.main) refers to pm25.o(i.GetPm25Level) for GetPm25Level
    main.o(i.main) refers to pm25.o(i.DisplayPm25Level) for DisplayPm25Level
    co2.o(i.DisplayCo2Level) refers to noretval__2printf.o(.text) for __2printf
    co2.o(i.GetCo2Level) refers to co2.o(i.GetRawData) for GetRawData
    tem.o(i.GetCelTem) refers to _printf_percent.o(.ARM.Collect$$_printf_percent$$00000000) for _printf_percent
    tem.o(i.GetCelTem) refers to _printf_f.o(.ARM.Collect$$_printf_percent$$00000003) for _printf_f
    tem.o(i.GetCelTem) refers to printf1.o(x$fpl$printf1) for _printf_fp_dec
    tem.o(i.GetCelTem) refers to tem.o(i.GetRawData) for GetRawData
    tem.o(i.GetCelTem) refers to f2d.o(x$fpl$f2d) for __aeabi_f2d
    tem.o(i.GetCelTem) refers to noretval__2printf.o(.text) for __2printf
    tem.o(i.GetCelTem) refers to faddsub_clz.o(x$fpl$fadd) for __aeabi_fadd
    tem.o(i.GetCelTem) refers to fdiv.o(x$fpl$fdiv) for __aeabi_fdiv
    tem.o(i.GetCelTem) refers to fmul.o(x$fpl$fmul) for __aeabi_fmul
    tem.o(i.GetCelTem) refers to fleqf.o(x$fpl$fleqf) for __aeabi_cfcmple
    tem.o(i.GetCelTem) refers to frleqf.o(x$fpl$frleqf) for __aeabi_cfrcmple
    tem.o(i.GetCelTem) refers to tem.o(.data) for g_temCof
    tem.o(i.GetFahTem) refers to tem.o(i.GetRawData) for GetRawData
    tem.o(i.GetFahTem) refers to fmul.o(x$fpl$fmul) for __aeabi_fmul
    tem.o(i.GetFahTem) refers to fdiv.o(x$fpl$fdiv) for __aeabi_fdiv
    tem.o(i.GetFahTem) refers to faddsub_clz.o(x$fpl$fadd) for __aeabi_fadd
    tem.o(i.GetRawData) refers to fflt_clz.o(x$fpl$ffltu) for __aeabi_ui2f
    tem.o(i.GetRawData) refers to faddsub_clz.o(x$fpl$fadd) for __aeabi_fadd
    tem.o(i.GetRawData) refers to tem.o(.data) for s_chgVal
    tem.o(i.SetTemCof) refers to tem.o(.data) for g_temCof
    pm25.o(i.DisplayPm25Level) refers to noretval__2printf.o(.text) for __2printf
    pm25.o(i.GetPm25Level) refers to pm25.o(i.GetRawData) for GetRawData
    startup_armcm4.o(STACK) refers (Special) to heapauxi.o(.text) for __use_two_region_memory
    startup_armcm4.o(HEAP) refers (Special) to heapauxi.o(.text) for __use_two_region_memory
    startup_armcm4.o(RESET) refers (Special) to heapauxi.o(.text) for __use_two_region_memory
    startup_armcm4.o(RESET) refers to startup_armcm4.o(STACK) for __initial_sp
    startup_armcm4.o(RESET) refers to startup_armcm4.o(.text) for Reset_Handler
    startup_armcm4.o(.text) refers (Special) to heapauxi.o(.text) for __use_two_region_memory
    startup_armcm4.o(.text) refers to system_armcm4.o(i.SystemInit) for SystemInit
    startup_armcm4.o(.text) refers to __main.o(!!!main) for __main
    system_armcm4.o(i.SystemCoreClockUpdate) refers to system_armcm4.o(.data) for SystemCoreClock
    system_armcm4.o(i.SystemInit) refers to startup_armcm4.o(RESET) for __Vectors
    system_armcm4.o(i.SystemInit) refers to system_armcm4.o(.data) for SystemCoreClock
    __2printf.o(.text) refers to _printf_char_file.o(.text) for _printf_char_file
    __2printf.o(.text) refers to main.o(.data) for __stdout
    noretval__2printf.o(.text) refers to _printf_char_file.o(.text) for _printf_char_file
    noretval__2printf.o(.text) refers to main.o(.data) for __stdout
    __printf.o(.text) refers to _printf_percent.o(.ARM.Collect$$_printf_percent$$00000000) for _printf_percent
    __printf_flags.o(.text) refers to _printf_percent.o(.ARM.Collect$$_printf_percent$$00000000) for _printf_percent
    __printf_flags.o(.text) refers to __printf_flags.o(.constdata) for .constdata
    __printf_ss.o(.text) refers to _printf_percent.o(.ARM.Collect$$_printf_percent$$00000000) for _printf_percent
    __printf_flags_ss.o(.text) refers to _printf_percent.o(.ARM.Collect$$_printf_percent$$00000000) for _printf_percent
    __printf_flags_ss.o(.text) refers to __printf_flags_ss.o(.constdata) for .constdata
    __printf_wp.o(.text) refers to __printf_wp.o(i._is_digit) for _is_digit
    __printf_wp.o(.text) refers to _printf_percent.o(.ARM.Collect$$_printf_percent$$00000000) for _printf_percent
    __printf_flags_wp.o(.text) refers to __printf_wp.o(i._is_digit) for _is_digit
    __printf_flags_wp.o(.text) refers to _printf_percent.o(.ARM.Collect$$_printf_percent$$00000000) for _printf_percent
    __printf_flags_wp.o(.text) refers to __printf_flags_wp.o(.constdata) for .constdata
    __printf_ss_wp.o(.text) refers to __printf_wp.o(i._is_digit) for _is_digit
    __printf_ss_wp.o(.text) refers to _printf_percent.o(.ARM.Collect$$_printf_percent$$00000000) for _printf_percent
    __printf_flags_ss_wp.o(.text) refers to __printf_wp.o(i._is_digit) for _is_digit
    __printf_flags_ss_wp.o(.text) refers to _printf_percent.o(.ARM.Collect$$_printf_percent$$00000000) for _printf_percent
    __printf_flags_ss_wp.o(.text) refers to __printf_flags_ss_wp.o(.constdata) for .constdata
    _printf_f.o(.ARM.Collect$$_printf_percent$$00000003) refers (Weak) to printf1.o(x$fpl$printf1) for _printf_fp_dec
    _printf_percent.o(.ARM.Collect$$_printf_percent$$00000000) refers (Special) to _printf_percent_end.o(.ARM.Collect$$_printf_percent$$00000017) for _printf_percent_end
    __main.o(!!!main) refers to __rtentry.o(.ARM.Collect$$rtentry$$00000000) for __rt_entry
    f2d.o(x$fpl$f2d) refers (Special) to usenofp.o(x$fpl$usenofp) for __I$use$fp
    f2d.o(x$fpl$f2d) refers to fnaninf.o(x$fpl$fnaninf) for __fpl_fnaninf
    f2d.o(x$fpl$f2d) refers to dretinf.o(x$fpl$dretinf) for __fpl_dretinf
    faddsub_clz.o(x$fpl$fadd) refers (Special) to usenofp.o(x$fpl$usenofp) for __I$use$fp
    faddsub_clz.o(x$fpl$fadd) refers to faddsub_clz.o(x$fpl$fsub) for _fsub1
    faddsub_clz.o(x$fpl$fadd) refers to fretinf.o(x$fpl$fretinf) for __fpl_fretinf
    faddsub_clz.o(x$fpl$fadd) refers to fnaninf.o(x$fpl$fnaninf) for __fpl_fnaninf
    faddsub_clz.o(x$fpl$frsb) refers (Special) to usenofp.o(x$fpl$usenofp) for __I$use$fp
    faddsub_clz.o(x$fpl$frsb) refers to faddsub_clz.o(x$fpl$fadd) for _fadd1
    faddsub_clz.o(x$fpl$frsb) refers to faddsub_clz.o(x$fpl$fsub) for _fsub1
    faddsub_clz.o(x$fpl$fsub) refers (Special) to usenofp.o(x$fpl$usenofp) for __I$use$fp
    faddsub_clz.o(x$fpl$fsub) refers to faddsub_clz.o(x$fpl$fadd) for _fadd1
    faddsub_clz.o(x$fpl$fsub) refers to fnaninf.o(x$fpl$fnaninf) for __fpl_fnaninf
    fdiv.o(x$fpl$frdiv) refers (Special) to usenofp.o(x$fpl$usenofp) for __I$use$fp
    fdiv.o(x$fpl$frdiv) refers to fdiv.o(x$fpl$fdiv) for _fdiv1
    fdiv.o(x$fpl$fdiv) refers (Special) to usenofp.o(x$fpl$usenofp) for __I$use$fp
    fdiv.o(x$fpl$fdiv) refers to fretinf.o(x$fpl$fretinf) for __fpl_fretinf
    fdiv.o(x$fpl$fdiv) refers to fnaninf.o(x$fpl$fnaninf) for __fpl_fnaninf
    fflt_clz.o(x$fpl$ffltu) refers (Special) to usenofp.o(x$fpl$usenofp) for __I$use$fp
    fflt_clz.o(x$fpl$fflt) refers (Special) to usenofp.o(x$fpl$usenofp) for __I$use$fp
    fflt_clz.o(x$fpl$ffltn) refers (Special) to usenofp.o(x$fpl$usenofp) for __I$use$fp
    fleqf.o(x$fpl$fleqf) refers (Special) to usenofp.o(x$fpl$usenofp) for __I$use$fp
    fleqf.o(x$fpl$fleqf) refers to fnaninf.o(x$fpl$fnaninf) for __fpl_fnaninf
    fleqf.o(x$fpl$fleqf) refers to fcmpi.o(x$fpl$fcmpinf) for __fpl_fcmp_Inf
    fmul.o(x$fpl$fmul) refers (Special) to usenofp.o(x$fpl$usenofp) for __I$use$fp
    fmul.o(x$fpl$fmul) refers to fretinf.o(x$fpl$fretinf) for __fpl_fretinf
    fmul.o(x$fpl$fmul) refers to fnaninf.o(x$fpl$fnaninf) for __fpl_fnaninf
    frleqf.o(x$fpl$frleqf) refers (Special) to usenofp.o(x$fpl$usenofp) for __I$use$fp
    frleqf.o(x$fpl$frleqf) refers to fleqf.o(x$fpl$fleqf) for __fpl_fcmple_InfNaN
    printf1.o(x$fpl$printf1) refers to _printf_fp_dec.o(.text) for _printf_fp_dec_real
    __rtentry.o(.ARM.Collect$$rtentry$$00000000) refers (Special) to __rtentry2.o(.ARM.Collect$$rtentry$$0000000A) for __rt_entry_li
    __rtentry.o(.ARM.Collect$$rtentry$$00000000) refers (Special) to __rtentry2.o(.ARM.Collect$$rtentry$$0000000D) for __rt_entry_main
    __rtentry.o(.ARM.Collect$$rtentry$$00000000) refers (Special) to __rtentry2.o(.ARM.Collect$$rtentry$$0000000C) for __rt_entry_postli_1
    __rtentry.o(.ARM.Collect$$rtentry$$00000000) refers (Special) to __rtentry2.o(.ARM.Collect$$rtentry$$00000009) for __rt_entry_postsh_1
    __rtentry.o(.ARM.Collect$$rtentry$$00000000) refers (Special) to __rtentry2.o(.ARM.Collect$$rtentry$$00000002) for __rt_entry_presh_1
    __rtentry.o(.ARM.Collect$$rtentry$$00000000) refers (Special) to __rtentry5.o(.ARM.Collect$$rtentry$$00000005) for __rt_entry_sh
    _printf_fp_dec.o(.text) refers (Special) to usenofp.o(x$fpl$usenofp) for __I$use$fp
    _printf_fp_dec.o(.text) refers (Special) to lc_numeric_c.o(locale$$code) for _get_lc_numeric
    _printf_fp_dec.o(.text) refers to bigflt0.o(.text) for _btod_etento
    _printf_fp_dec.o(.text) refers to btod.o(CL$$btod_d2e) for _btod_d2e
    _printf_fp_dec.o(.text) refers to btod.o(CL$$btod_ediv) for _btod_ediv
    _printf_fp_dec.o(.text) refers to btod.o(CL$$btod_emul) for _btod_emul
    _printf_fp_dec.o(.text) refers to lludiv10.o(.text) for _ll_udiv10
    _printf_fp_dec.o(.text) refers to fpclassify.o(i.__ARM_fpclassify) for __ARM_fpclassify
    _printf_fp_dec.o(.text) refers to _printf_fp_infnan.o(.text) for _printf_fp_infnan
    _printf_fp_dec.o(.text) refers to rt_locale_intlibspace.o(.text) for __rt_locale
    _printf_char_file.o(.text) refers to _printf_char_common.o(.text) for _printf_char_common
    _printf_char_file.o(.text) refers to main.o(i.ferror) for ferror
    _printf_char_file.o(.text) refers to main.o(i.fputc) for fputc
    dretinf.o(x$fpl$dretinf) refers (Special) to usenofp.o(x$fpl$usenofp) for __I$use$fp
    fcmpi.o(x$fpl$fcmpinf) refers (Special) to usenofp.o(x$fpl$usenofp) for __I$use$fp
    fnaninf.o(x$fpl$fnaninf) refers (Special) to usenofp.o(x$fpl$usenofp) for __I$use$fp
    fretinf.o(x$fpl$fretinf) refers (Special) to usenofp.o(x$fpl$usenofp) for __I$use$fp
    __rtentry2.o(.ARM.Collect$$rtentry$$00000008) refers to boardinit2.o(.text) for _platform_post_stackheap_init
    __rtentry2.o(.ARM.Collect$$rtentry$$0000000A) refers to libinit.o(.ARM.Collect$$libinit$$00000000) for __rt_lib_init
    __rtentry2.o(.ARM.Collect$$rtentry$$0000000B) refers to boardinit3.o(.text) for _platform_post_lib_init
    __rtentry2.o(.ARM.Collect$$rtentry$$0000000D) refers to main.o(i.main) for main
    __rtentry2.o(.ARM.Collect$$rtentry$$0000000D) refers to exit.o(.text) for exit
    __rtentry2.o(.ARM.exidx) refers to __rtentry2.o(.ARM.Collect$$rtentry$$00000001) for .ARM.Collect$$rtentry$$00000001
    __rtentry2.o(.ARM.exidx) refers to __rtentry2.o(.ARM.Collect$$rtentry$$00000008) for .ARM.Collect$$rtentry$$00000008
    __rtentry2.o(.ARM.exidx) refers to __rtentry2.o(.ARM.Collect$$rtentry$$0000000A) for .ARM.Collect$$rtentry$$0000000A
    __rtentry2.o(.ARM.exidx) refers to __rtentry2.o(.ARM.Collect$$rtentry$$0000000B) for .ARM.Collect$$rtentry$$0000000B
    __rtentry2.o(.ARM.exidx) refers to __rtentry2.o(.ARM.Collect$$rtentry$$0000000D) for .ARM.Collect$$rtentry$$0000000D
    __rtentry4.o(.ARM.Collect$$rtentry$$00000004) refers to sys_stackheap_outer.o(.text) for __user_setup_stackheap
    __rtentry4.o(.ARM.exidx) refers to __rtentry4.o(.ARM.Collect$$rtentry$$00000004) for .ARM.Collect$$rtentry$$00000004
    __rtentry5.o(.ARM.Collect$$rtentry$$00000005) refers to __rtentry5.o(.ARM.Collect$$rtentry$$00002716) for __lit__00000000
    __rtentry5.o(.ARM.Collect$$rtentry$$00002716) refers to startup_armcm4.o(STACK) for __initial_sp
    __rtentry5.o(__vectab_stack_and_reset_sym_area) refers to startup_armcm4.o(STACK) for __initial_sp
    __rtentry5.o(__vectab_stack_and_reset_sym_area) refers to __main.o(!!!main) for __main
    __rtentry5.o(.ARM.exidx) refers to __rtentry5.o(.ARM.Collect$$rtentry$$00000005) for .ARM.Collect$$rtentry$$00000005
    __rtentry5.o(.ARM.exidx) refers to __rtentry5.o(.ARM.Collect$$rtentry$$00002716) for .ARM.Collect$$rtentry$$00002716
    rt_locale.o(.text) refers to rt_locale.o(.bss) for __rt_locale_data
    rt_locale_intlibspace.o(.text) refers to libspace.o(.bss) for __libspace_start
    _printf_char_common.o(.text) refers to __printf_wp.o(.text) for __printf
    bigflt0.o(.text) refers (Special) to usenofp.o(x$fpl$usenofp) for __I$use$fp
    bigflt0.o(.text) refers to btod.o(CL$$btod_emul) for _btod_emul
    bigflt0.o(.text) refers to btod.o(CL$$btod_ediv) for _btod_ediv
    bigflt0.o(.text) refers to bigflt0.o(.constdata) for .constdata
    bigflt0.o(.constdata) refers (Special) to usenofp.o(x$fpl$usenofp) for __I$use$fp
    btod.o(CL$$btod_d2e) refers (Special) to usenofp.o(x$fpl$usenofp) for __I$use$fp
    btod.o(CL$$btod_d2e) refers to btod.o(CL$$btod_d2e_norm_op1) for _d2e_norm_op1
    btod.o(CL$$btod_d2e_norm_op1) refers (Special) to usenofp.o(x$fpl$usenofp) for __I$use$fp
    btod.o(CL$$btod_d2e_norm_op1) refers to btod.o(CL$$btod_d2e_denorm_low) for _d2e_denorm_low
    btod.o(CL$$btod_d2e_denorm_low) refers (Special) to usenofp.o(x$fpl$usenofp) for __I$use$fp
    btod.o(CL$$btod_emul) refers (Special) to usenofp.o(x$fpl$usenofp) for __I$use$fp
    btod.o(CL$$btod_emul) refers to btod.o(CL$$btod_mult_common) for __btod_mult_common
    btod.o(CL$$btod_emul) refers to btod.o(CL$$btod_e2e) for _e2e
    btod.o(CL$$btod_ediv) refers (Special) to usenofp.o(x$fpl$usenofp) for __I$use$fp
    btod.o(CL$$btod_ediv) refers to btod.o(CL$$btod_div_common) for __btod_div_common
    btod.o(CL$$btod_ediv) refers to btod.o(CL$$btod_e2e) for _e2e
    btod.o(CL$$btod_emuld) refers (Special) to usenofp.o(x$fpl$usenofp) for __I$use$fp
    btod.o(CL$$btod_emuld) refers to btod.o(CL$$btod_mult_common) for __btod_mult_common
    btod.o(CL$$btod_emuld) refers to btod.o(CL$$btod_e2d) for _e2d
    btod.o(CL$$btod_edivd) refers (Special) to usenofp.o(x$fpl$usenofp) for __I$use$fp
    btod.o(CL$$btod_edivd) refers to btod.o(CL$$btod_div_common) for __btod_div_common
    btod.o(CL$$btod_edivd) refers to btod.o(CL$$btod_e2d) for _e2d
    btod.o(CL$$btod_e2e) refers (Special) to usenofp.o(x$fpl$usenofp) for __I$use$fp
    btod.o(CL$$btod_e2d) refers (Special) to usenofp.o(x$fpl$usenofp) for __I$use$fp
    btod.o(CL$$btod_e2d) refers to btod.o(CL$$btod_e2e) for _e2e
    btod.o(CL$$btod_mult_common) refers (Special) to usenofp.o(x$fpl$usenofp) for __I$use$fp
    btod.o(CL$$btod_div_common) refers (Special) to usenofp.o(x$fpl$usenofp) for __I$use$fp
    lc_numeric_c.o(locale$$data) refers (Special) to libinit2.o(.ARM.Collect$$libinit$$00000016) for __rt_lib_init_lc_numeric_2
    lc_numeric_c.o(locale$$code) refers (Special) to libinit2.o(.ARM.Collect$$libinit$$00000016) for __rt_lib_init_lc_numeric_2
    lc_numeric_c.o(locale$$code) refers to strcmpv7m.o(.text) for strcmp
    lc_numeric_c.o(locale$$code) refers to lc_numeric_c.o(locale$$data) for __lcnum_c_name
    istatus.o(x$fpl$ieeestatus) refers (Special) to usenofp.o(x$fpl$usenofp) for __I$use$fp
    fpclassify.o(i.__ARM_fpclassify) refers (Special) to usenofp.o(x$fpl$usenofp) for __I$use$fp
    libspace.o(.text) refers to libspace.o(.bss) for __libspace_start
    sys_stackheap_outer.o(.text) refers to libspace.o(.text) for __user_perproc_libspace
    sys_stackheap_outer.o(.text) refers to sys_stackheap.o(.text) for __user_initial_stackheap
    exit.o(.text) refers to rtexit.o(.ARM.Collect$$rtexit$$00000000) for __rt_exit
    libinit.o(.ARM.Collect$$libinit$$00000000) refers (Special) to libinit2.o(.ARM.Collect$$libinit$$0000002E) for __rt_lib_init_alloca_1
    libinit.o(.ARM.Collect$$libinit$$00000000) refers (Special) to libinit2.o(.ARM.Collect$$libinit$$0000002C) for __rt_lib_init_argv_1
    libinit.o(.ARM.Collect$$libinit$$00000000) refers (Special) to libinit2.o(.ARM.Collect$$libinit$$0000001B) for __rt_lib_init_atexit_1
    libinit.o(.ARM.Collect$$libinit$$00000000) refers (Special) to libinit2.o(.ARM.Collect$$libinit$$00000021) for __rt_lib_init_clock_1
    libinit.o(.ARM.Collect$$libinit$$00000000) refers (Special) to libinit2.o(.ARM.Collect$$libinit$$00000032) for __rt_lib_init_cpp_1
    libinit.o(.ARM.Collect$$libinit$$00000000) refers (Special) to libinit2.o(.ARM.Collect$$libinit$$00000030) for __rt_lib_init_exceptions_1
    libinit.o(.ARM.Collect$$libinit$$00000000) refers (Special) to libinit2.o(.ARM.Collect$$libinit$$00000002) for __rt_lib_init_fp_1
    libinit.o(.ARM.Collect$$libinit$$00000000) refers (Special) to libinit2.o(.ARM.Collect$$libinit$$0000001F) for __rt_lib_init_fp_trap_1
    libinit.o(.ARM.Collect$$libinit$$00000000) refers (Special) to libinit2.o(.ARM.Collect$$libinit$$00000023) for __rt_lib_init_getenv_1
    libinit.o(.ARM.Collect$$libinit$$00000000) refers (Special) to libinit2.o(.ARM.Collect$$libinit$$0000000A) for __rt_lib_init_heap_1
    libinit.o(.ARM.Collect$$libinit$$00000000) refers (Special) to libinit2.o(.ARM.Collect$$libinit$$00000011) for __rt_lib_init_lc_collate_1
    libinit.o(.ARM.Collect$$libinit$$00000000) refers (Special) to libinit2.o(.ARM.Collect$$libinit$$00000013) for __rt_lib_init_lc_ctype_1
    libinit.o(.ARM.Collect$$libinit$$00000000) refers (Special) to libinit2.o(.ARM.Collect$$libinit$$00000015) for __rt_lib_init_lc_monetary_1
    libinit.o(.ARM.Collect$$libinit$$00000000) refers (Special) to libinit2.o(.ARM.Collect$$libinit$$00000017) for __rt_lib_init_lc_numeric_1
    libinit.o(.ARM.Collect$$libinit$$00000000) refers (Special) to libinit2.o(.ARM.Collect$$libinit$$00000019) for __rt_lib_init_lc_time_1
    libinit.o(.ARM.Collect$$libinit$$00000000) refers (Special) to libinit2.o(.ARM.Collect$$libinit$$00000004) for __rt_lib_init_preinit_1
    libinit.o(.ARM.Collect$$libinit$$00000000) refers (Special) to libinit2.o(.ARM.Collect$$libinit$$0000000E) for __rt_lib_init_rand_1
    libinit.o(.ARM.Collect$$libinit$$00000000) refers (Special) to libinit2.o(.ARM.Collect$$libinit$$00000033) for __rt_lib_init_return
    libinit.o(.ARM.Collect$$libinit$$00000000) refers (Special) to libinit2.o(.ARM.Collect$$libinit$$0000001D) for __rt_lib_init_signal_1
    libinit.o(.ARM.Collect$$libinit$$00000000) refers (Special) to libinit2.o(.ARM.Collect$$libinit$$00000025) for __rt_lib_init_stdio_1
    libinit.o(.ARM.Collect$$libinit$$00000000) refers (Special) to libinit2.o(.ARM.Collect$$libinit$$0000000C) for __rt_lib_init_user_alloc_1
    libinit2.o(.ARM.Collect$$libinit$$0000000F) refers (Weak) to rt_locale_intlibspace.o(.text) for __rt_locale
    libinit2.o(.ARM.Collect$$libinit$$00000010) refers to libinit2.o(.ARM.Collect$$libinit$$0000000F) for .ARM.Collect$$libinit$$0000000F
    libinit2.o(.ARM.Collect$$libinit$$00000012) refers to libinit2.o(.ARM.Collect$$libinit$$0000000F) for .ARM.Collect$$libinit$$0000000F
    libinit2.o(.ARM.Collect$$libinit$$00000014) refers to libinit2.o(.ARM.Collect$$libinit$$0000000F) for .ARM.Collect$$libinit$$0000000F
    libinit2.o(.ARM.Collect$$libinit$$00000016) refers to libinit2.o(.ARM.Collect$$libinit$$0000000F) for .ARM.Collect$$libinit$$0000000F
    libinit2.o(.ARM.Collect$$libinit$$00000016) refers (Weak) to lc_numeric_c.o(locale$$code) for _get_lc_numeric
    libinit2.o(.ARM.Collect$$libinit$$00000018) refers to libinit2.o(.ARM.Collect$$libinit$$0000000F) for .ARM.Collect$$libinit$$0000000F
    libinit2.o(.ARM.Collect$$libinit$$00000026) refers to argv_veneer.o(.emb_text) for __ARM_argv_veneer
    libinit2.o(.ARM.Collect$$libinit$$00000027) refers to argv_veneer.o(.emb_text) for __ARM_argv_veneer
    sys_stackheap.o(.text) refers (Special) to indicate_semi.o(.text) for __semihosting_library_function
    sys_stackheap.o(.text) refers to use_no_semi.o(.text) for __I$use$semihosting
    rtexit.o(.ARM.Collect$$rtexit$$00000000) refers (Special) to rtexit2.o(.ARM.Collect$$rtexit$$00000004) for __rt_exit_exit
    rtexit.o(.ARM.Collect$$rtexit$$00000000) refers (Special) to rtexit2.o(.ARM.Collect$$rtexit$$00000003) for __rt_exit_ls
    rtexit.o(.ARM.Collect$$rtexit$$00000000) refers (Special) to rtexit2.o(.ARM.Collect$$rtexit$$00000002) for __rt_exit_prels_1
    rtexit.o(.ARM.exidx) refers (Special) to rtexit2.o(.ARM.Collect$$rtexit$$00000004) for __rt_exit_exit
    rtexit.o(.ARM.exidx) refers (Special) to rtexit2.o(.ARM.Collect$$rtexit$$00000003) for __rt_exit_ls
    rtexit.o(.ARM.exidx) refers (Special) to rtexit2.o(.ARM.Collect$$rtexit$$00000002) for __rt_exit_prels_1
    rtexit.o(.ARM.exidx) refers to rtexit.o(.ARM.Collect$$rtexit$$00000000) for .ARM.Collect$$rtexit$$00000000
    argv_veneer.o(.emb_text) refers to no_argv.o(.text) for __ARM_get_argv
    libinit3.o(.ARM.Collect$$libinit$$00000006) refers to libinit3.o(.ARM.Collect$$libinit$$00002717) for __lit__00000000
    libinit3.o(.ARM.Collect$$libinit$$00002717) refers to startup_armcm4.o(HEAP) for __heap_base
    libinit3.o(.ARM.Collect$$libinit$$00000028) refers to libinit3.o(.ARM.Collect$$libinit$$00002739) for __lit__00000002
    libinit3.o(.ARM.Collect$$libinit$$00000028) refers to argv_veneer.o(.emb_text) for __ARM_argv_veneer
    libinit3.o(.ARM.Collect$$libinit$$00002739) refers to startup_armcm4.o(HEAP) for __heap_base
    rtexit2.o(.ARM.Collect$$rtexit$$00000003) refers to libshutdown.o(.ARM.Collect$$libshutdown$$00000000) for __rt_lib_shutdown
    rtexit2.o(.ARM.Collect$$rtexit$$00000004) refers to main.o(i._sys_exit) for _sys_exit
    rtexit2.o(.ARM.exidx) refers to rtexit2.o(.ARM.Collect$$rtexit$$00000001) for .ARM.Collect$$rtexit$$00000001
    rtexit2.o(.ARM.exidx) refers to rtexit2.o(.ARM.Collect$$rtexit$$00000003) for .ARM.Collect$$rtexit$$00000003
    rtexit2.o(.ARM.exidx) refers to rtexit2.o(.ARM.Collect$$rtexit$$00000004) for .ARM.Collect$$rtexit$$00000004
    _get_argv_nomalloc.o(.text) refers (Special) to hrguard.o(.text) for __heap_region$guard
    _get_argv_nomalloc.o(.text) refers to defsig_rtmem_outer.o(.text) for __rt_SIGRTMEM
    _get_argv_nomalloc.o(.text) refers to sys_command.o(.text) for _sys_command_string
    sys_command.o(.text) refers (Special) to use_no_semi.o(.text) for __I$use$semihosting
    sys_command.o(.text) refers (Special) to indicate_semi.o(.text) for __semihosting_library_function
    defsig_rtmem_outer.o(.text) refers to defsig_rtmem_inner.o(.text) for __rt_SIGRTMEM_inner
    defsig_rtmem_outer.o(.text) refers to defsig_exit.o(.text) for __sig_exit
    defsig_rtmem_formal.o(.text) refers to rt_raise.o(.text) for __rt_raise
    libshutdown.o(.ARM.Collect$$libshutdown$$00000000) refers (Special) to libshutdown2.o(.ARM.Collect$$libshutdown$$00000002) for __rt_lib_shutdown_cpp_1
    libshutdown.o(.ARM.Collect$$libshutdown$$00000000) refers (Special) to libshutdown2.o(.ARM.Collect$$libshutdown$$00000007) for __rt_lib_shutdown_fp_trap_1
    libshutdown.o(.ARM.Collect$$libshutdown$$00000000) refers (Special) to libshutdown2.o(.ARM.Collect$$libshutdown$$0000000F) for __rt_lib_shutdown_heap_1
    libshutdown.o(.ARM.Collect$$libshutdown$$00000000) refers (Special) to libshutdown2.o(.ARM.Collect$$libshutdown$$00000010) for __rt_lib_shutdown_return
    libshutdown.o(.ARM.Collect$$libshutdown$$00000000) refers (Special) to libshutdown2.o(.ARM.Collect$$libshutdown$$0000000A) for __rt_lib_shutdown_signal_1
    libshutdown.o(.ARM.Collect$$libshutdown$$00000000) refers (Special) to libshutdown2.o(.ARM.Collect$$libshutdown$$00000004) for __rt_lib_shutdown_stdio_1
    libshutdown.o(.ARM.Collect$$libshutdown$$00000000) refers (Special) to libshutdown2.o(.ARM.Collect$$libshutdown$$0000000C) for __rt_lib_shutdown_user_alloc_1
    rt_raise.o(.text) refers to __raise.o(.text) for __raise
    rt_raise.o(.text) refers to main.o(i._sys_exit) for _sys_exit
    defsig_exit.o(.text) refers to main.o(i._sys_exit) for _sys_exit
    defsig_rtmem_inner.o(.text) refers to defsig_general.o(.text) for __default_signal_display
    __raise.o(.text) refers to defsig.o(CL$$defsig) for __default_signal_handler
    defsig_general.o(.text) refers to main.o(i._ttywrch) for _ttywrch
    defsig.o(CL$$defsig) refers to defsig_rtmem_inner.o(.text) for __rt_SIGRTMEM_inner
    defsig_abrt_inner.o(.text) refers to defsig_general.o(.text) for __default_signal_display
    defsig_fpe_inner.o(.text) refers to defsig_general.o(.text) for __default_signal_display
    defsig_rtred_inner.o(.text) refers to defsig_general.o(.text) for __default_signal_display
    defsig_stak_inner.o(.text) refers to defsig_general.o(.text) for __default_signal_display
    defsig_pvfn_inner.o(.text) refers to defsig_general.o(.text) for __default_signal_display
    defsig_cppl_inner.o(.text) refers to defsig_general.o(.text) for __default_signal_display
    defsig_segv_inner.o(.text) refers to defsig_general.o(.text) for __default_signal_display
    defsig_other.o(.text) refers to defsig_general.o(.text) for __default_signal_display


==============================================================================

Removing Unused input sections from the image.

    Removing main.o(.rev16_text), (4 bytes).
    Removing main.o(.revsh_text), (4 bytes).
    Removing main.o(.rrx_text), (6 bytes).
    Removing main.o(i._ttywrch), (20 bytes).
    Removing main.o(i.fgetc), (64 bytes).
    Removing startup_armcm4.o(HEAP), (3072 bytes).
    Removing system_armcm4.o(.rev16_text), (4 bytes).
    Removing system_armcm4.o(.revsh_text), (4 bytes).
    Removing system_armcm4.o(.rrx_text), (6 bytes).
    Removing system_armcm4.o(i.SystemCoreClockUpdate), (16 bytes).

10 unused section(s) (total 3200 bytes) removed from the image.

==============================================================================

Image Symbol Table

    Local Symbols

    Symbol Name                              Value     Ov Type        Size  Object(Section)

    RESET                                    0x00000000   Section      960  startup_armcm4.o(RESET)
    ../clib/angel/boardlib.s                 0x00000000   Number         0  boardinit2.o ABSOLUTE
    ../clib/angel/boardlib.s                 0x00000000   Number         0  boardinit1.o ABSOLUTE
    ../clib/angel/boardlib.s                 0x00000000   Number         0  boardinit3.o ABSOLUTE
    ../clib/angel/boardlib.s                 0x00000000   Number         0  boardshut.o ABSOLUTE
    ../clib/angel/handlers.s                 0x00000000   Number         0  __scatter_copy.o ABSOLUTE
    ../clib/angel/handlers.s                 0x00000000   Number         0  __scatter_zi.o ABSOLUTE
    ../clib/angel/kernel.s                   0x00000000   Number         0  __rtentry.o ABSOLUTE
    ../clib/angel/kernel.s                   0x00000000   Number         0  rtexit.o ABSOLUTE
    ../clib/angel/kernel.s                   0x00000000   Number         0  __rtentry2.o ABSOLUTE
    ../clib/angel/kernel.s                   0x00000000   Number         0  __rtentry5.o ABSOLUTE
    ../clib/angel/kernel.s                   0x00000000   Number         0  rtexit2.o ABSOLUTE
    ../clib/angel/kernel.s                   0x00000000   Number         0  __rtentry4.o ABSOLUTE
    ../clib/angel/rt.s                       0x00000000   Number         0  rt_raise.o ABSOLUTE
    ../clib/angel/rt.s                       0x00000000   Number         0  rt_locale.o ABSOLUTE
    ../clib/angel/rt.s                       0x00000000   Number         0  rt_locale_intlibspace.o ABSOLUTE
    ../clib/angel/scatter.s                  0x00000000   Number         0  __scatter.o ABSOLUTE
    ../clib/angel/startup.s                  0x00000000   Number         0  __main.o ABSOLUTE
    ../clib/angel/sys.s                      0x00000000   Number         0  indicate_semi.o ABSOLUTE
    ../clib/angel/sys.s                      0x00000000   Number         0  use_no_semi.o ABSOLUTE
    ../clib/angel/sys.s                      0x00000000   Number         0  sys_stackheap.o ABSOLUTE
    ../clib/angel/sys.s                      0x00000000   Number         0  libspace.o ABSOLUTE
    ../clib/angel/sys.s                      0x00000000   Number         0  sys_stackheap_outer.o ABSOLUTE
    ../clib/angel/sysapp.c                   0x00000000   Number         0  sys_command.o ABSOLUTE
    ../clib/armsys.c                         0x00000000   Number         0  argv_veneer.o ABSOLUTE
    ../clib/armsys.c                         0x00000000   Number         0  argv_veneer.o ABSOLUTE
    ../clib/armsys.c                         0x00000000   Number         0  no_argv.o ABSOLUTE
    ../clib/armsys.c                         0x00000000   Number         0  _get_argv_nomalloc.o ABSOLUTE
    ../clib/bigflt.c                         0x00000000   Number         0  bigflt0.o ABSOLUTE
    ../clib/btod.s                           0x00000000   Number         0  btod.o ABSOLUTE
    ../clib/heapalloc.c                      0x00000000   Number         0  hrguard.o ABSOLUTE
    ../clib/heapaux.c                        0x00000000   Number         0  heapauxi.o ABSOLUTE
    ../clib/libinit.s                        0x00000000   Number         0  libshutdown.o ABSOLUTE
    ../clib/libinit.s                        0x00000000   Number         0  libinit2.o ABSOLUTE
    ../clib/libinit.s                        0x00000000   Number         0  libshutdown2.o ABSOLUTE
    ../clib/libinit.s                        0x00000000   Number         0  libinit.o ABSOLUTE
    ../clib/libinit.s                        0x00000000   Number         0  libinit3.o ABSOLUTE
    ../clib/locale.s                         0x00000000   Number         0  lc_numeric_c.o ABSOLUTE
    ../clib/longlong.s                       0x00000000   Number         0  lludiv10.o ABSOLUTE
    ../clib/memcpset.s                       0x00000000   Number         0  strcmpv7m.o ABSOLUTE
    ../clib/misc.s                           0x00000000   Number         0  printf_stubs.o ABSOLUTE
    ../clib/printf.c                         0x00000000   Number         0  __printf_ss_wp.o ABSOLUTE
    ../clib/printf.c                         0x00000000   Number         0  __printf_nopercent.o ABSOLUTE
    ../clib/printf.c                         0x00000000   Number         0  noretval__2printf.o ABSOLUTE
    ../clib/printf.c                         0x00000000   Number         0  _printf_char_file.o ABSOLUTE
    ../clib/printf.c                         0x00000000   Number         0  __printf_ss.o ABSOLUTE
    ../clib/printf.c                         0x00000000   Number         0  __printf_flags.o ABSOLUTE
    ../clib/printf.c                         0x00000000   Number         0  __printf_flags_wp.o ABSOLUTE
    ../clib/printf.c                         0x00000000   Number         0  __2printf.o ABSOLUTE
    ../clib/printf.c                         0x00000000   Number         0  __printf_flags_ss_wp.o ABSOLUTE
    ../clib/printf.c                         0x00000000   Number         0  _printf_fp_dec.o ABSOLUTE
    ../clib/printf.c                         0x00000000   Number         0  __printf_flags_ss.o ABSOLUTE
    ../clib/printf.c                         0x00000000   Number         0  __printf.o ABSOLUTE
    ../clib/printf.c                         0x00000000   Number         0  __printf_wp.o ABSOLUTE
    ../clib/printf.c                         0x00000000   Number         0  _printf_char_common.o ABSOLUTE
    ../clib/printf.c                         0x00000000   Number         0  _printf_fp_infnan.o ABSOLUTE
    ../clib/printf_percent.s                 0x00000000   Number         0  _printf_percent_end.o ABSOLUTE
    ../clib/printf_percent.s                 0x00000000   Number         0  _printf_f.o ABSOLUTE
    ../clib/printf_percent.s                 0x00000000   Number         0  _printf_percent.o ABSOLUTE
    ../clib/signal.c                         0x00000000   Number         0  defsig_general.o ABSOLUTE
    ../clib/signal.c                         0x00000000   Number         0  defsig_pvfn_inner.o ABSOLUTE
    ../clib/signal.c                         0x00000000   Number         0  defsig_rtred_inner.o ABSOLUTE
    ../clib/signal.c                         0x00000000   Number         0  defsig_rtmem_outer.o ABSOLUTE
    ../clib/signal.c                         0x00000000   Number         0  defsig_fpe_inner.o ABSOLUTE
    ../clib/signal.c                         0x00000000   Number         0  defsig_abrt_inner.o ABSOLUTE
    ../clib/signal.c                         0x00000000   Number         0  defsig_rtmem_formal.o ABSOLUTE
    ../clib/signal.c                         0x00000000   Number         0  defsig_stak_inner.o ABSOLUTE
    ../clib/signal.c                         0x00000000   Number         0  __raise.o ABSOLUTE
    ../clib/signal.c                         0x00000000   Number         0  defsig_cppl_inner.o ABSOLUTE
    ../clib/signal.c                         0x00000000   Number         0  defsig_segv_inner.o ABSOLUTE
    ../clib/signal.c                         0x00000000   Number         0  defsig_other.o ABSOLUTE
    ../clib/signal.c                         0x00000000   Number         0  defsig_exit.o ABSOLUTE
    ../clib/signal.c                         0x00000000   Number         0  defsig_rtmem_inner.o ABSOLUTE
    ../clib/signal.s                         0x00000000   Number         0  defsig.o ABSOLUTE
    ../clib/stdlib.c                         0x00000000   Number         0  exit.o ABSOLUTE
    ../fplib/dretinf.s                       0x00000000   Number         0  dretinf.o ABSOLUTE
    ../fplib/f2d.s                           0x00000000   Number         0  f2d.o ABSOLUTE
    ../fplib/faddsub.s                       0x00000000   Number         0  faddsub_clz.o ABSOLUTE
    ../fplib/fcmpi.s                         0x00000000   Number         0  fcmpi.o ABSOLUTE
    ../fplib/fdiv.s                          0x00000000   Number         0  fdiv.o ABSOLUTE
    ../fplib/fflt.s                          0x00000000   Number         0  fflt_clz.o ABSOLUTE
    ../fplib/fleqf.s                         0x00000000   Number         0  fleqf.o ABSOLUTE
    ../fplib/fmul.s                          0x00000000   Number         0  fmul.o ABSOLUTE
    ../fplib/fnaninf.s                       0x00000000   Number         0  fnaninf.o ABSOLUTE
    ../fplib/fpinit.s                        0x00000000   Number         0  fpinit.o ABSOLUTE
    ../fplib/fretinf.s                       0x00000000   Number         0  fretinf.o ABSOLUTE
    ../fplib/frleqf.s                        0x00000000   Number         0  frleqf.o ABSOLUTE
    ../fplib/istatus.s                       0x00000000   Number         0  istatus.o ABSOLUTE
    ../fplib/printf1.s                       0x00000000   Number         0  printf1.o ABSOLUTE
    ../fplib/usenofp.s                       0x00000000   Number         0  usenofp.o ABSOLUTE
    ../mathlib/fpclassify.c                  0x00000000   Number         0  fpclassify.o ABSOLUTE
    RTE\Device\ARMCM4\startup_ARMCM4.s       0x00000000   Number         0  startup_armcm4.o ABSOLUTE
    RTE\Device\ARMCM4\system_ARMCM4.c        0x00000000   Number         0  system_armcm4.o ABSOLUTE
    RTE\\Device\\ARMCM4\\system_ARMCM4.c     0x00000000   Number         0  system_armcm4.o ABSOLUTE
    dc.s                                     0x00000000   Number         0  dc.o ABSOLUTE
    main.c                                   0x00000000   Number         0  main.o ABSOLUTE
    main.c                                   0x00000000   Number         0  main.o ABSOLUTE
    sensor\co2.c                             0x00000000   Number         0  co2.o ABSOLUTE
    sensor\pm25.c                            0x00000000   Number         0  pm25.o ABSOLUTE
    sensor\tem.c                             0x00000000   Number         0  tem.o ABSOLUTE
    !!!main                                  0x000003c0   Section        8  __main.o(!!!main)
    !!!scatter                               0x000003c8   Section       52  __scatter.o(!!!scatter)
    !!handler_copy                           0x000003fc   Section       26  __scatter_copy.o(!!handler_copy)
    !!handler_zi                             0x00000418   Section       28  __scatter_zi.o(!!handler_zi)
    .ARM.Collect$$_printf_percent$$00000000  0x00000434   Section        0  _printf_percent.o(.ARM.Collect$$_printf_percent$$00000000)
    .ARM.Collect$$_printf_percent$$00000003  0x00000434   Section        6  _printf_f.o(.ARM.Collect$$_printf_percent$$00000003)
    .ARM.Collect$$_printf_percent$$00000017  0x0000043a   Section        4  _printf_percent_end.o(.ARM.Collect$$_printf_percent$$00000017)
    .ARM.Collect$$libinit$$00000000          0x0000043e   Section        2  libinit.o(.ARM.Collect$$libinit$$00000000)
    .ARM.Collect$$libinit$$00000002          0x00000440   Section        0  libinit2.o(.ARM.Collect$$libinit$$00000002)
    .ARM.Collect$$libinit$$00000004          0x00000440   Section        0  libinit2.o(.ARM.Collect$$libinit$$00000004)
    .ARM.Collect$$libinit$$0000000A          0x00000440   Section        0  libinit2.o(.ARM.Collect$$libinit$$0000000A)
    .ARM.Collect$$libinit$$0000000C          0x00000440   Section        0  libinit2.o(.ARM.Collect$$libinit$$0000000C)
    .ARM.Collect$$libinit$$0000000E          0x00000440   Section        0  libinit2.o(.ARM.Collect$$libinit$$0000000E)
    .ARM.Collect$$libinit$$0000000F          0x00000440   Section        6  libinit2.o(.ARM.Collect$$libinit$$0000000F)
    .ARM.Collect$$libinit$$00000011          0x00000446   Section        0  libinit2.o(.ARM.Collect$$libinit$$00000011)
    .ARM.Collect$$libinit$$00000013          0x00000446   Section        0  libinit2.o(.ARM.Collect$$libinit$$00000013)
    .ARM.Collect$$libinit$$00000015          0x00000446   Section        0  libinit2.o(.ARM.Collect$$libinit$$00000015)
    .ARM.Collect$$libinit$$00000016          0x00000446   Section       10  libinit2.o(.ARM.Collect$$libinit$$00000016)
    .ARM.Collect$$libinit$$00000017          0x00000450   Section        0  libinit2.o(.ARM.Collect$$libinit$$00000017)
    .ARM.Collect$$libinit$$00000019          0x00000450   Section        0  libinit2.o(.ARM.Collect$$libinit$$00000019)
    .ARM.Collect$$libinit$$0000001B          0x00000450   Section        0  libinit2.o(.ARM.Collect$$libinit$$0000001B)
    .ARM.Collect$$libinit$$0000001D          0x00000450   Section        0  libinit2.o(.ARM.Collect$$libinit$$0000001D)
    .ARM.Collect$$libinit$$0000001F          0x00000450   Section        0  libinit2.o(.ARM.Collect$$libinit$$0000001F)
    .ARM.Collect$$libinit$$00000021          0x00000450   Section        0  libinit2.o(.ARM.Collect$$libinit$$00000021)
    .ARM.Collect$$libinit$$00000023          0x00000450   Section        0  libinit2.o(.ARM.Collect$$libinit$$00000023)
    .ARM.Collect$$libinit$$00000025          0x00000450   Section        0  libinit2.o(.ARM.Collect$$libinit$$00000025)
    .ARM.Collect$$libinit$$0000002C          0x00000450   Section        0  libinit2.o(.ARM.Collect$$libinit$$0000002C)
    .ARM.Collect$$libinit$$0000002E          0x00000450   Section        0  libinit2.o(.ARM.Collect$$libinit$$0000002E)
    .ARM.Collect$$libinit$$00000030          0x00000450   Section        0  libinit2.o(.ARM.Collect$$libinit$$00000030)
    .ARM.Collect$$libinit$$00000032          0x00000450   Section        0  libinit2.o(.ARM.Collect$$libinit$$00000032)
    .ARM.Collect$$libinit$$00000033          0x00000450   Section        2  libinit2.o(.ARM.Collect$$libinit$$00000033)
    .ARM.Collect$$libshutdown$$00000000      0x00000452   Section        2  libshutdown.o(.ARM.Collect$$libshutdown$$00000000)
    .ARM.Collect$$libshutdown$$00000002      0x00000454   Section        0  libshutdown2.o(.ARM.Collect$$libshutdown$$00000002)
    .ARM.Collect$$libshutdown$$00000004      0x00000454   Section        0  libshutdown2.o(.ARM.Collect$$libshutdown$$00000004)
    .ARM.Collect$$libshutdown$$00000007      0x00000454   Section        0  libshutdown2.o(.ARM.Collect$$libshutdown$$00000007)
    .ARM.Collect$$libshutdown$$0000000A      0x00000454   Section        0  libshutdown2.o(.ARM.Collect$$libshutdown$$0000000A)
    .ARM.Collect$$libshutdown$$0000000C      0x00000454   Section        0  libshutdown2.o(.ARM.Collect$$libshutdown$$0000000C)
    .ARM.Collect$$libshutdown$$0000000F      0x00000454   Section        0  libshutdown2.o(.ARM.Collect$$libshutdown$$0000000F)
    .ARM.Collect$$libshutdown$$00000010      0x00000454   Section        2  libshutdown2.o(.ARM.Collect$$libshutdown$$00000010)
    .ARM.Collect$$rtentry$$00000000          0x00000456   Section        0  __rtentry.o(.ARM.Collect$$rtentry$$00000000)
    .ARM.Collect$$rtentry$$00000002          0x00000456   Section        0  __rtentry2.o(.ARM.Collect$$rtentry$$00000002)
    .ARM.Collect$$rtentry$$00000005          0x00000456   Section        4  __rtentry5.o(.ARM.Collect$$rtentry$$00000005)
    .ARM.Collect$$rtentry$$00000009          0x0000045a   Section        0  __rtentry2.o(.ARM.Collect$$rtentry$$00000009)
    .ARM.Collect$$rtentry$$0000000A          0x0000045a   Section        4  __rtentry2.o(.ARM.Collect$$rtentry$$0000000A)
    .ARM.Collect$$rtentry$$0000000C          0x0000045e   Section        0  __rtentry2.o(.ARM.Collect$$rtentry$$0000000C)
    .ARM.Collect$$rtentry$$0000000D          0x0000045e   Section        8  __rtentry2.o(.ARM.Collect$$rtentry$$0000000D)
    .ARM.Collect$$rtentry$$00002716          0x00000468   Section        4  __rtentry5.o(.ARM.Collect$$rtentry$$00002716)
    __lit__00000000                          0x00000468   Data           4  __rtentry5.o(.ARM.Collect$$rtentry$$00002716)
    .ARM.Collect$$rtexit$$00000000           0x0000046c   Section        2  rtexit.o(.ARM.Collect$$rtexit$$00000000)
    .ARM.Collect$$rtexit$$00000002           0x0000046e   Section        0  rtexit2.o(.ARM.Collect$$rtexit$$00000002)
    .ARM.Collect$$rtexit$$00000003           0x0000046e   Section        4  rtexit2.o(.ARM.Collect$$rtexit$$00000003)
    .ARM.Collect$$rtexit$$00000004           0x00000472   Section        6  rtexit2.o(.ARM.Collect$$rtexit$$00000004)
    .text                                    0x00000478   Section       56  startup_armcm4.o(.text)
    .text                                    0x000004b0   Section        0  noretval__2printf.o(.text)
    .text                                    0x000004c8   Section        0  __printf_wp.o(.text)
    .text                                    0x000005d6   Section        0  heapauxi.o(.text)
    .text                                    0x000005dc   Section        0  _printf_fp_dec.o(.text)
    _fp_digits                               0x000005df   Thumb Code   432  _printf_fp_dec.o(.text)
    .text                                    0x000009fc   Section        0  _printf_char_file.o(.text)
    .text                                    0x00000a20   Section        8  rt_locale_intlibspace.o(.text)
    .text                                    0x00000a28   Section      138  lludiv10.o(.text)
    .text                                    0x00000ab4   Section        0  _printf_char_common.o(.text)
    _printf_input_char                       0x00000ab5   Thumb Code    10  _printf_char_common.o(.text)
    .text                                    0x00000ae4   Section        0  _printf_fp_infnan.o(.text)
    .text                                    0x00000b64   Section        0  bigflt0.o(.text)
    .text                                    0x00000c48   Section        0  exit.o(.text)
    .text                                    0x00000c5c   Section      128  strcmpv7m.o(.text)
    CL$$btod_d2e                             0x00000cdc   Section       62  btod.o(CL$$btod_d2e)
    CL$$btod_d2e_denorm_low                  0x00000d1a   Section       70  btod.o(CL$$btod_d2e_denorm_low)
    CL$$btod_d2e_norm_op1                    0x00000d60   Section       96  btod.o(CL$$btod_d2e_norm_op1)
    CL$$btod_div_common                      0x00000dc0   Section      824  btod.o(CL$$btod_div_common)
    CL$$btod_e2e                             0x000010f8   Section      220  btod.o(CL$$btod_e2e)
    CL$$btod_ediv                            0x000011d4   Section       42  btod.o(CL$$btod_ediv)
    CL$$btod_emul                            0x000011fe   Section       42  btod.o(CL$$btod_emul)
    CL$$btod_mult_common                     0x00001228   Section      580  btod.o(CL$$btod_mult_common)
    i.DisplayCo2Level                        0x0000146c   Section        0  co2.o(i.DisplayCo2Level)
    i.DisplayPm25Level                       0x00001534   Section        0  pm25.o(i.DisplayPm25Level)
    i.GetCelTem                              0x00001600   Section        0  tem.o(i.GetCelTem)
    i.GetCo2Level                            0x0000172c   Section        0  co2.o(i.GetCo2Level)
    i.GetFahTem                              0x00001740   Section        0  tem.o(i.GetFahTem)
    i.GetPm25Level                           0x00001780   Section        0  pm25.o(i.GetPm25Level)
    i.GetRawData                             0x000017ae   Section        0  co2.o(i.GetRawData)
    GetRawData                               0x000017af   Thumb Code     6  co2.o(i.GetRawData)
    i.GetRawData                             0x000017b4   Section        0  tem.o(i.GetRawData)
    GetRawData                               0x000017b5   Thumb Code    48  tem.o(i.GetRawData)
    i.GetRawData                             0x000017ec   Section        0  pm25.o(i.GetRawData)
    GetRawData                               0x000017ed   Thumb Code     4  pm25.o(i.GetRawData)
    i.GetTemCofHmi                           0x000017f0   Section        0  main.o(i.GetTemCofHmi)
    i.SetTemCof                              0x000017f8   Section        0  tem.o(i.SetTemCof)
    i.SystemInit                             0x00001804   Section        0  system_armcm4.o(i.SystemInit)
    i.__ARM_fpclassify                       0x00001824   Section        0  fpclassify.o(i.__ARM_fpclassify)
    i._is_digit                              0x0000184c   Section        0  __printf_wp.o(i._is_digit)
    i._sys_exit                              0x0000185a   Section        0  main.o(i._sys_exit)
    i.ferror                                 0x0000185e   Section        0  main.o(i.ferror)
    i.fputc                                  0x00001868   Section        0  main.o(i.fputc)
    i.main                                   0x000018a0   Section        0  main.o(i.main)
    locale$$code                             0x00001944   Section       44  lc_numeric_c.o(locale$$code)
    x$fpl$dretinf                            0x00001970   Section       12  dretinf.o(x$fpl$dretinf)
    x$fpl$f2d                                0x0000197c   Section       86  f2d.o(x$fpl$f2d)
    x$fpl$fadd                               0x000019d4   Section      196  faddsub_clz.o(x$fpl$fadd)
    _fadd1                                   0x000019e3   Thumb Code     0  faddsub_clz.o(x$fpl$fadd)
    x$fpl$fcmpinf                            0x00001a98   Section       24  fcmpi.o(x$fpl$fcmpinf)
    x$fpl$fdiv                               0x00001ab0   Section      388  fdiv.o(x$fpl$fdiv)
    _fdiv1                                   0x00001ab1   Thumb Code     0  fdiv.o(x$fpl$fdiv)
    x$fpl$ffltu                              0x00001c34   Section       38  fflt_clz.o(x$fpl$ffltu)
    x$fpl$fleqf                              0x00001c5c   Section      104  fleqf.o(x$fpl$fleqf)
    x$fpl$fmul                               0x00001cc4   Section      258  fmul.o(x$fpl$fmul)
    x$fpl$fnaninf                            0x00001dc6   Section      140  fnaninf.o(x$fpl$fnaninf)
    x$fpl$fretinf                            0x00001e52   Section       10  fretinf.o(x$fpl$fretinf)
    x$fpl$frleqf                             0x00001e5c   Section       98  frleqf.o(x$fpl$frleqf)
    x$fpl$fsub                               0x00001ec0   Section      234  faddsub_clz.o(x$fpl$fsub)
    _fsub1                                   0x00001ecf   Thumb Code     0  faddsub_clz.o(x$fpl$fsub)
    x$fpl$printf1                            0x00001faa   Section        4  printf1.o(x$fpl$printf1)
    x$fpl$usenofp                            0x00001fae   Section        0  usenofp.o(x$fpl$usenofp)
    .constdata                               0x00001fb0   Section      148  bigflt0.o(.constdata)
    tenpwrs_x                                0x00001fb0   Data          60  bigflt0.o(.constdata)
    tenpwrs_i                                0x00001fec   Data          64  bigflt0.o(.constdata)
    locale$$data                             0x00002064   Section       28  lc_numeric_c.o(locale$$data)
    __lcnum_c_name                           0x00002068   Data           2  lc_numeric_c.o(locale$$data)
    __lcnum_c_start                          0x00002070   Data           0  lc_numeric_c.o(locale$$data)
    __lcnum_c_point                          0x0000207c   Data           0  lc_numeric_c.o(locale$$data)
    __lcnum_c_thousands                      0x0000207e   Data           0  lc_numeric_c.o(locale$$data)
    __lcnum_c_grouping                       0x0000207f   Data           0  lc_numeric_c.o(locale$$data)
    __lcnum_c_end                            0x00002080   Data           0  lc_numeric_c.o(locale$$data)
    .data                                    0x20000000   Section       12  main.o(.data)
    .data                                    0x2000000c   Section        5  tem.o(.data)
    g_temCof                                 0x2000000c   Data           4  tem.o(.data)
    s_chgVal                                 0x20000010   Data           1  tem.o(.data)
    .data                                    0x20000014   Section        4  system_armcm4.o(.data)
    .bss                                     0x20000018   Section       96  libspace.o(.bss)
    STACK                                    0x20000078   Section     1024  startup_armcm4.o(STACK)

    Global Symbols

    Symbol Name                              Value     Ov Type        Size  Object(Section)

    BuildAttributes$$THM_ISAv4$E$P$D$K$B$S$7EM$PE$A:L22UL41UL21$X:L11$S22US41US21$IEEE1$IW$USESV6$~STKCKD$USESV7$~SHL$OTIME$ROPI$IEEEJ$EBA8$UX$STANDARDLIB$REQ8$PRES8$EABIv2 0x00000000   Number         0  anon$$obj.o ABSOLUTE
    __ARM_use_no_argv                        0x00000000   Number         0  main.o ABSOLUTE
    __Vectors                                0x00000000   Data           4  startup_armcm4.o(RESET)
    _printf_flags                            0x00000000   Number         0  printf_stubs.o ABSOLUTE
    _printf_return_value                     0x00000000   Number         0  printf_stubs.o ABSOLUTE
    _printf_sizespec                         0x00000000   Number         0  printf_stubs.o ABSOLUTE
    _printf_widthprec                        0x00000000   Number         0  printf_stubs.o ABSOLUTE
    Image$$ZI$$Limit                          - Undefined Weak Reference
    __ARM_exceptions_init                     - Undefined Weak Reference
    __alloca_initialize                       - Undefined Weak Reference
    __arm_preinit_                            - Undefined Weak Reference
    __cpp_initialize__aeabi_                  - Undefined Weak Reference
    __cxa_finalize                            - Undefined Weak Reference
    __sigvec_lookup                           - Undefined Weak Reference
    _atexit_init                              - Undefined Weak Reference
    _call_atexit_fns                          - Undefined Weak Reference
    _clock_init                               - Undefined Weak Reference
    _fp_trap_init                             - Undefined Weak Reference
    _fp_trap_shutdown                         - Undefined Weak Reference
    _get_lc_collate                           - Undefined Weak Reference
    _get_lc_ctype                             - Undefined Weak Reference
    _get_lc_monetary                          - Undefined Weak Reference
    _get_lc_time                              - Undefined Weak Reference
    _getenv_init                              - Undefined Weak Reference
    _handle_redirection                       - Undefined Weak Reference
    _init_alloc                               - Undefined Weak Reference
    _init_user_alloc                          - Undefined Weak Reference
    _initio                                   - Undefined Weak Reference
    _printf_post_padding                      - Undefined Weak Reference
    _printf_pre_padding                       - Undefined Weak Reference
    _rand_init                                - Undefined Weak Reference
    _signal_finish                            - Undefined Weak Reference
    _signal_init                              - Undefined Weak Reference
    _terminate_alloc                          - Undefined Weak Reference
    _terminate_user_alloc                     - Undefined Weak Reference
    _terminateio                              - Undefined Weak Reference
    __Vectors_End                            0x000003c0   Data           0  startup_armcm4.o(RESET)
    __Vectors_Size                           0x000003c0   Number         0  startup_armcm4.o ABSOLUTE
    __main                                   0x000003c1   Thumb Code     8  __main.o(!!!main)
    __scatterload                            0x000003c9   Thumb Code     0  __scatter.o(!!!scatter)
    __scatterload_rt2                        0x000003c9   Thumb Code    44  __scatter.o(!!!scatter)
    __scatterload_rt2_thumb_only             0x000003c9   Thumb Code     0  __scatter.o(!!!scatter)
    __scatterload_null                       0x000003d7   Thumb Code     0  __scatter.o(!!!scatter)
    __scatterload_copy                       0x000003fd   Thumb Code    26  __scatter_copy.o(!!handler_copy)
    __scatterload_zeroinit                   0x00000419   Thumb Code    28  __scatter_zi.o(!!handler_zi)
    _printf_f                                0x00000435   Thumb Code     0  _printf_f.o(.ARM.Collect$$_printf_percent$$00000003)
    _printf_percent                          0x00000435   Thumb Code     0  _printf_percent.o(.ARM.Collect$$_printf_percent$$00000000)
    _printf_percent_end                      0x0000043b   Thumb Code     0  _printf_percent_end.o(.ARM.Collect$$_printf_percent$$00000017)
    __rt_lib_init                            0x0000043f   Thumb Code     0  libinit.o(.ARM.Collect$$libinit$$00000000)
    __rt_lib_init_fp_1                       0x00000441   Thumb Code     0  libinit2.o(.ARM.Collect$$libinit$$00000002)
    __rt_lib_init_heap_1                     0x00000441   Thumb Code     0  libinit2.o(.ARM.Collect$$libinit$$0000000A)
    __rt_lib_init_lc_common                  0x00000441   Thumb Code     0  libinit2.o(.ARM.Collect$$libinit$$0000000F)
    __rt_lib_init_preinit_1                  0x00000441   Thumb Code     0  libinit2.o(.ARM.Collect$$libinit$$00000004)
    __rt_lib_init_rand_1                     0x00000441   Thumb Code     0  libinit2.o(.ARM.Collect$$libinit$$0000000E)
    __rt_lib_init_user_alloc_1               0x00000441   Thumb Code     0  libinit2.o(.ARM.Collect$$libinit$$0000000C)
    __rt_lib_init_lc_collate_1               0x00000447   Thumb Code     0  libinit2.o(.ARM.Collect$$libinit$$00000011)
    __rt_lib_init_lc_ctype_1                 0x00000447   Thumb Code     0  libinit2.o(.ARM.Collect$$libinit$$00000013)
    __rt_lib_init_lc_monetary_1              0x00000447   Thumb Code     0  libinit2.o(.ARM.Collect$$libinit$$00000015)
    __rt_lib_init_lc_numeric_2               0x00000447   Thumb Code     0  libinit2.o(.ARM.Collect$$libinit$$00000016)
    __rt_lib_init_alloca_1                   0x00000451   Thumb Code     0  libinit2.o(.ARM.Collect$$libinit$$0000002E)
    __rt_lib_init_argv_1                     0x00000451   Thumb Code     0  libinit2.o(.ARM.Collect$$libinit$$0000002C)
    __rt_lib_init_atexit_1                   0x00000451   Thumb Code     0  libinit2.o(.ARM.Collect$$libinit$$0000001B)
    __rt_lib_init_clock_1                    0x00000451   Thumb Code     0  libinit2.o(.ARM.Collect$$libinit$$00000021)
    __rt_lib_init_cpp_1                      0x00000451   Thumb Code     0  libinit2.o(.ARM.Collect$$libinit$$00000032)
    __rt_lib_init_exceptions_1               0x00000451   Thumb Code     0  libinit2.o(.ARM.Collect$$libinit$$00000030)
    __rt_lib_init_fp_trap_1                  0x00000451   Thumb Code     0  libinit2.o(.ARM.Collect$$libinit$$0000001F)
    __rt_lib_init_getenv_1                   0x00000451   Thumb Code     0  libinit2.o(.ARM.Collect$$libinit$$00000023)
    __rt_lib_init_lc_numeric_1               0x00000451   Thumb Code     0  libinit2.o(.ARM.Collect$$libinit$$00000017)
    __rt_lib_init_lc_time_1                  0x00000451   Thumb Code     0  libinit2.o(.ARM.Collect$$libinit$$00000019)
    __rt_lib_init_return                     0x00000451   Thumb Code     0  libinit2.o(.ARM.Collect$$libinit$$00000033)
    __rt_lib_init_signal_1                   0x00000451   Thumb Code     0  libinit2.o(.ARM.Collect$$libinit$$0000001D)
    __rt_lib_init_stdio_1                    0x00000451   Thumb Code     0  libinit2.o(.ARM.Collect$$libinit$$00000025)
    __rt_lib_shutdown                        0x00000453   Thumb Code     0  libshutdown.o(.ARM.Collect$$libshutdown$$00000000)
    __rt_lib_shutdown_cpp_1                  0x00000455   Thumb Code     0  libshutdown2.o(.ARM.Collect$$libshutdown$$00000002)
    __rt_lib_shutdown_fp_trap_1              0x00000455   Thumb Code     0  libshutdown2.o(.ARM.Collect$$libshutdown$$00000007)
    __rt_lib_shutdown_heap_1                 0x00000455   Thumb Code     0  libshutdown2.o(.ARM.Collect$$libshutdown$$0000000F)
    __rt_lib_shutdown_return                 0x00000455   Thumb Code     0  libshutdown2.o(.ARM.Collect$$libshutdown$$00000010)
    __rt_lib_shutdown_signal_1               0x00000455   Thumb Code     0  libshutdown2.o(.ARM.Collect$$libshutdown$$0000000A)
    __rt_lib_shutdown_stdio_1                0x00000455   Thumb Code     0  libshutdown2.o(.ARM.Collect$$libshutdown$$00000004)
    __rt_lib_shutdown_user_alloc_1           0x00000455   Thumb Code     0  libshutdown2.o(.ARM.Collect$$libshutdown$$0000000C)
    __rt_entry                               0x00000457   Thumb Code     0  __rtentry.o(.ARM.Collect$$rtentry$$00000000)
    __rt_entry_presh_1                       0x00000457   Thumb Code     0  __rtentry2.o(.ARM.Collect$$rtentry$$00000002)
    __rt_entry_sh                            0x00000457   Thumb Code     0  __rtentry5.o(.ARM.Collect$$rtentry$$00000005)
    __rt_entry_li                            0x0000045b   Thumb Code     0  __rtentry2.o(.ARM.Collect$$rtentry$$0000000A)
    __rt_entry_postsh_1                      0x0000045b   Thumb Code     0  __rtentry2.o(.ARM.Collect$$rtentry$$00000009)
    __rt_entry_main                          0x0000045f   Thumb Code     0  __rtentry2.o(.ARM.Collect$$rtentry$$0000000D)
    __rt_entry_postli_1                      0x0000045f   Thumb Code     0  __rtentry2.o(.ARM.Collect$$rtentry$$0000000C)
    __rt_exit                                0x0000046d   Thumb Code     0  rtexit.o(.ARM.Collect$$rtexit$$00000000)
    __rt_exit_ls                             0x0000046f   Thumb Code     0  rtexit2.o(.ARM.Collect$$rtexit$$00000003)
    __rt_exit_prels_1                        0x0000046f   Thumb Code     0  rtexit2.o(.ARM.Collect$$rtexit$$00000002)
    __rt_exit_exit                           0x00000473   Thumb Code     0  rtexit2.o(.ARM.Collect$$rtexit$$00000004)
    Reset_Handler                            0x00000479   Thumb Code     8  startup_armcm4.o(.text)
    HardFault_Handler                        0x00000481   Thumb Code     2  startup_armcm4.o(.text)
    NMI_Handler                              0x00000483   Thumb Code     2  startup_armcm4.o(.text)
    MemManage_Handler                        0x00000485   Thumb Code     2  startup_armcm4.o(.text)
    BusFault_Handler                         0x00000487   Thumb Code     2  startup_armcm4.o(.text)
    UsageFault_Handler                       0x00000489   Thumb Code     2  startup_armcm4.o(.text)
    SVC_Handler                              0x0000048b   Thumb Code     2  startup_armcm4.o(.text)
    DebugMon_Handler                         0x0000048d   Thumb Code     2  startup_armcm4.o(.text)
    PendSV_Handler                           0x0000048f   Thumb Code     2  startup_armcm4.o(.text)
    SysTick_Handler                          0x00000491   Thumb Code     2  startup_armcm4.o(.text)
    Interrupt0_Handler                       0x00000493   Thumb Code     2  startup_armcm4.o(.text)
    Interrupt1_Handler                       0x00000495   Thumb Code     2  startup_armcm4.o(.text)
    Interrupt2_Handler                       0x00000497   Thumb Code     2  startup_armcm4.o(.text)
    Interrupt3_Handler                       0x00000499   Thumb Code     2  startup_armcm4.o(.text)
    Interrupt4_Handler                       0x0000049b   Thumb Code     2  startup_armcm4.o(.text)
    Interrupt5_Handler                       0x0000049d   Thumb Code     2  startup_armcm4.o(.text)
    Interrupt6_Handler                       0x0000049f   Thumb Code     2  startup_armcm4.o(.text)
    Interrupt7_Handler                       0x000004a1   Thumb Code     2  startup_armcm4.o(.text)
    Interrupt8_Handler                       0x000004a3   Thumb Code     2  startup_armcm4.o(.text)
    Interrupt9_Handler                       0x000004a5   Thumb Code     2  startup_armcm4.o(.text)
    __2printf                                0x000004b1   Thumb Code    20  noretval__2printf.o(.text)
    __printf                                 0x000004c9   Thumb Code   270  __printf_wp.o(.text)
    __use_two_region_memory                  0x000005d7   Thumb Code     2  heapauxi.o(.text)
    __rt_heap_escrow$2region                 0x000005d9   Thumb Code     2  heapauxi.o(.text)
    __rt_heap_expand$2region                 0x000005db   Thumb Code     2  heapauxi.o(.text)
    __lib_sel_fp_printf                      0x000005dd   Thumb Code     2  _printf_fp_dec.o(.text)
    _printf_fp_dec_real                      0x0000078f   Thumb Code   620  _printf_fp_dec.o(.text)
    _printf_char_file                        0x000009fd   Thumb Code    32  _printf_char_file.o(.text)
    __rt_locale                              0x00000a21   Thumb Code     8  rt_locale_intlibspace.o(.text)
    _ll_udiv10                               0x00000a29   Thumb Code   138  lludiv10.o(.text)
    _printf_char_common                      0x00000abf   Thumb Code    32  _printf_char_common.o(.text)
    _printf_fp_infnan                        0x00000ae5   Thumb Code   112  _printf_fp_infnan.o(.text)
    _btod_etento                             0x00000b65   Thumb Code   224  bigflt0.o(.text)
    exit                                     0x00000c49   Thumb Code    18  exit.o(.text)
    strcmp                                   0x00000c5d   Thumb Code   128  strcmpv7m.o(.text)
    _btod_d2e                                0x00000cdd   Thumb Code    62  btod.o(CL$$btod_d2e)
    _d2e_denorm_low                          0x00000d1b   Thumb Code    70  btod.o(CL$$btod_d2e_denorm_low)
    _d2e_norm_op1                            0x00000d61   Thumb Code    96  btod.o(CL$$btod_d2e_norm_op1)
    __btod_div_common                        0x00000dc1   Thumb Code   696  btod.o(CL$$btod_div_common)
    _e2e                                     0x000010f9   Thumb Code   220  btod.o(CL$$btod_e2e)
    _btod_ediv                               0x000011d5   Thumb Code    42  btod.o(CL$$btod_ediv)
    _btod_emul                               0x000011ff   Thumb Code    42  btod.o(CL$$btod_emul)
    __btod_mult_common                       0x00001229   Thumb Code   580  btod.o(CL$$btod_mult_common)
    DisplayCo2Level                          0x0000146d   Thumb Code    52  co2.o(i.DisplayCo2Level)
    DisplayPm25Level                         0x00001535   Thumb Code    52  pm25.o(i.DisplayPm25Level)
    GetCelTem                                0x00001601   Thumb Code   208  tem.o(i.GetCelTem)
    GetCo2Level                              0x0000172d   Thumb Code    18  co2.o(i.GetCo2Level)
    GetFahTem                                0x00001741   Thumb Code    52  tem.o(i.GetFahTem)
    GetPm25Level                             0x00001781   Thumb Code    46  pm25.o(i.GetPm25Level)
    GetTemCofHmi                             0x000017f1   Thumb Code     4  main.o(i.GetTemCofHmi)
    SetTemCof                                0x000017f9   Thumb Code     6  tem.o(i.SetTemCof)
    SystemInit                               0x00001805   Thumb Code    14  system_armcm4.o(i.SystemInit)
    __ARM_fpclassify                         0x00001825   Thumb Code    40  fpclassify.o(i.__ARM_fpclassify)
    _is_digit                                0x0000184d   Thumb Code    14  __printf_wp.o(i._is_digit)
    _sys_exit                                0x0000185b   Thumb Code     4  main.o(i._sys_exit)
    ferror                                   0x0000185f   Thumb Code     8  main.o(i.ferror)
    fputc                                    0x00001869   Thumb Code    52  main.o(i.fputc)
    main                                     0x000018a1   Thumb Code    92  main.o(i.main)
    _get_lc_numeric                          0x00001945   Thumb Code    44  lc_numeric_c.o(locale$$code)
    __fpl_dretinf                            0x00001971   Thumb Code    12  dretinf.o(x$fpl$dretinf)
    __aeabi_f2d                              0x0000197d   Thumb Code     0  f2d.o(x$fpl$f2d)
    _f2d                                     0x0000197d   Thumb Code    86  f2d.o(x$fpl$f2d)
    __aeabi_fadd                             0x000019d5   Thumb Code     0  faddsub_clz.o(x$fpl$fadd)
    _fadd                                    0x000019d5   Thumb Code   196  faddsub_clz.o(x$fpl$fadd)
    __fpl_fcmp_Inf                           0x00001a99   Thumb Code    24  fcmpi.o(x$fpl$fcmpinf)
    __aeabi_fdiv                             0x00001ab1   Thumb Code     0  fdiv.o(x$fpl$fdiv)
    _fdiv                                    0x00001ab1   Thumb Code   384  fdiv.o(x$fpl$fdiv)
    __aeabi_ui2f                             0x00001c35   Thumb Code     0  fflt_clz.o(x$fpl$ffltu)
    _ffltu                                   0x00001c35   Thumb Code    38  fflt_clz.o(x$fpl$ffltu)
    __aeabi_cfcmple                          0x00001c5d   Thumb Code     0  fleqf.o(x$fpl$fleqf)
    _fcmple                                  0x00001c5d   Thumb Code   104  fleqf.o(x$fpl$fleqf)
    __fpl_fcmple_InfNaN                      0x00001caf   Thumb Code     0  fleqf.o(x$fpl$fleqf)
    __aeabi_fmul                             0x00001cc5   Thumb Code     0  fmul.o(x$fpl$fmul)
    _fmul                                    0x00001cc5   Thumb Code   258  fmul.o(x$fpl$fmul)
    __fpl_fnaninf                            0x00001dc7   Thumb Code   140  fnaninf.o(x$fpl$fnaninf)
    __fpl_fretinf                            0x00001e53   Thumb Code    10  fretinf.o(x$fpl$fretinf)
    __aeabi_cfrcmple                         0x00001e5d   Thumb Code     0  frleqf.o(x$fpl$frleqf)
    _frcmple                                 0x00001e5d   Thumb Code    98  frleqf.o(x$fpl$frleqf)
    __aeabi_fsub                             0x00001ec1   Thumb Code     0  faddsub_clz.o(x$fpl$fsub)
    _fsub                                    0x00001ec1   Thumb Code   234  faddsub_clz.o(x$fpl$fsub)
    _printf_fp_dec                           0x00001fab   Thumb Code     4  printf1.o(x$fpl$printf1)
    __I$use$fp                               0x00001fae   Number         0  usenofp.o(x$fpl$usenofp)
    Region$$Table$$Base                      0x00002044   Number         0  anon$$obj.o(Region$$Table)
    Region$$Table$$Limit                     0x00002064   Number         0  anon$$obj.o(Region$$Table)
    __stdout                                 0x20000000   Data           4  main.o(.data)
    __stdin                                  0x20000004   Data           4  main.o(.data)
    ITM_RxBuffer                             0x20000008   Data           4  main.o(.data)
    SystemCoreClock                          0x20000014   Data           4  system_armcm4.o(.data)
    __libspace_start                         0x20000018   Data          96  libspace.o(.bss)
    __stack_limit                            0x20000078   Data           0  startup_armcm4.o(STACK)
    __temporary_stack_top$libspace           0x20000078   Data           0  libspace.o(.bss)
    __initial_sp                             0x20000478   Data           0  startup_armcm4.o(STACK)



==============================================================================

Memory Map of the image

  Image Entry point : 0x000003c1

  Load Region LR_IROM1 (Base: 0x00000000, Size: 0x00002098, Max: 0x00040000, ABSOLUTE)

    Execution Region ER_IROM1 (Exec base: 0x00000000, Load base: 0x00000000, Size: 0x00002080, Max: 0x00040000, ABSOLUTE)

    Exec Addr    Load Addr    Size         Type   Attr      Idx    E Section Name        Object

    0x00000000   0x00000000   0x000003c0   Data   RO          203    RESET               startup_armcm4.o
    0x000003c0   0x000003c0   0x00000008   Code   RO          281  * !!!main             c_w.l(__main.o)
    0x000003c8   0x000003c8   0x00000034   Code   RO          532    !!!scatter          c_w.l(__scatter.o)
    0x000003fc   0x000003fc   0x0000001a   Code   RO          534    !!handler_copy      c_w.l(__scatter_copy.o)
    0x00000416   0x00000416   0x00000002   PAD
    0x00000418   0x00000418   0x0000001c   Code   RO          536    !!handler_zi        c_w.l(__scatter_zi.o)
    0x00000434   0x00000434   0x00000000   Code   RO          278    .ARM.Collect$$_printf_percent$$00000000  c_w.l(_printf_percent.o)
    0x00000434   0x00000434   0x00000006   Code   RO          277    .ARM.Collect$$_printf_percent$$00000003  c_w.l(_printf_f.o)
    0x0000043a   0x0000043a   0x00000004   Code   RO          314    .ARM.Collect$$_printf_percent$$00000017  c_w.l(_printf_percent_end.o)
    0x0000043e   0x0000043e   0x00000002   Code   RO          403    .ARM.Collect$$libinit$$00000000  c_w.l(libinit.o)
    0x00000440   0x00000440   0x00000000   Code   RO          405    .ARM.Collect$$libinit$$00000002  c_w.l(libinit2.o)
    0x00000440   0x00000440   0x00000000   Code   RO          407    .ARM.Collect$$libinit$$00000004  c_w.l(libinit2.o)
    0x00000440   0x00000440   0x00000000   Code   RO          410    .ARM.Collect$$libinit$$0000000A  c_w.l(libinit2.o)
    0x00000440   0x00000440   0x00000000   Code   RO          412    .ARM.Collect$$libinit$$0000000C  c_w.l(libinit2.o)
    0x00000440   0x00000440   0x00000000   Code   RO          414    .ARM.Collect$$libinit$$0000000E  c_w.l(libinit2.o)
    0x00000440   0x00000440   0x00000006   Code   RO          415    .ARM.Collect$$libinit$$0000000F  c_w.l(libinit2.o)
    0x00000446   0x00000446   0x00000000   Code   RO          417    .ARM.Collect$$libinit$$00000011  c_w.l(libinit2.o)
    0x00000446   0x00000446   0x00000000   Code   RO          419    .ARM.Collect$$libinit$$00000013  c_w.l(libinit2.o)
    0x00000446   0x00000446   0x00000000   Code   RO          421    .ARM.Collect$$libinit$$00000015  c_w.l(libinit2.o)
    0x00000446   0x00000446   0x0000000a   Code   RO          422    .ARM.Collect$$libinit$$00000016  c_w.l(libinit2.o)
    0x00000450   0x00000450   0x00000000   Code   RO          423    .ARM.Collect$$libinit$$00000017  c_w.l(libinit2.o)
    0x00000450   0x00000450   0x00000000   Code   RO          425    .ARM.Collect$$libinit$$00000019  c_w.l(libinit2.o)
    0x00000450   0x00000450   0x00000000   Code   RO          427    .ARM.Collect$$libinit$$0000001B  c_w.l(libinit2.o)
    0x00000450   0x00000450   0x00000000   Code   RO          429    .ARM.Collect$$libinit$$0000001D  c_w.l(libinit2.o)
    0x00000450   0x00000450   0x00000000   Code   RO          431    .ARM.Collect$$libinit$$0000001F  c_w.l(libinit2.o)
    0x00000450   0x00000450   0x00000000   Code   RO          433    .ARM.Collect$$libinit$$00000021  c_w.l(libinit2.o)
    0x00000450   0x00000450   0x00000000   Code   RO          435    .ARM.Collect$$libinit$$00000023  c_w.l(libinit2.o)
    0x00000450   0x00000450   0x00000000   Code   RO          437    .ARM.Collect$$libinit$$00000025  c_w.l(libinit2.o)
    0x00000450   0x00000450   0x00000000   Code   RO          441    .ARM.Collect$$libinit$$0000002C  c_w.l(libinit2.o)
    0x00000450   0x00000450   0x00000000   Code   RO          443    .ARM.Collect$$libinit$$0000002E  c_w.l(libinit2.o)
    0x00000450   0x00000450   0x00000000   Code   RO          445    .ARM.Collect$$libinit$$00000030  c_w.l(libinit2.o)
    0x00000450   0x00000450   0x00000000   Code   RO          447    .ARM.Collect$$libinit$$00000032  c_w.l(libinit2.o)
    0x00000450   0x00000450   0x00000002   Code   RO          448    .ARM.Collect$$libinit$$00000033  c_w.l(libinit2.o)
    0x00000452   0x00000452   0x00000002   Code   RO          485    .ARM.Collect$$libshutdown$$00000000  c_w.l(libshutdown.o)
    0x00000454   0x00000454   0x00000000   Code   RO          493    .ARM.Collect$$libshutdown$$00000002  c_w.l(libshutdown2.o)
    0x00000454   0x00000454   0x00000000   Code   RO          495    .ARM.Collect$$libshutdown$$00000004  c_w.l(libshutdown2.o)
    0x00000454   0x00000454   0x00000000   Code   RO          498    .ARM.Collect$$libshutdown$$00000007  c_w.l(libshutdown2.o)
    0x00000454   0x00000454   0x00000000   Code   RO          501    .ARM.Collect$$libshutdown$$0000000A  c_w.l(libshutdown2.o)
    0x00000454   0x00000454   0x00000000   Code   RO          503    .ARM.Collect$$libshutdown$$0000000C  c_w.l(libshutdown2.o)
    0x00000454   0x00000454   0x00000000   Code   RO          506    .ARM.Collect$$libshutdown$$0000000F  c_w.l(libshutdown2.o)
    0x00000454   0x00000454   0x00000002   Code   RO          507    .ARM.Collect$$libshutdown$$00000010  c_w.l(libshutdown2.o)
    0x00000456   0x00000456   0x00000000   Code   RO          309    .ARM.Collect$$rtentry$$00000000  c_w.l(__rtentry.o)
    0x00000456   0x00000456   0x00000000   Code   RO          325    .ARM.Collect$$rtentry$$00000002  c_w.l(__rtentry2.o)
    0x00000456   0x00000456   0x00000004   Code   RO          339    .ARM.Collect$$rtentry$$00000005  c_w.l(__rtentry5.o)
    0x0000045a   0x0000045a   0x00000000   Code   RO          327    .ARM.Collect$$rtentry$$00000009  c_w.l(__rtentry2.o)
    0x0000045a   0x0000045a   0x00000004   Code   RO          328    .ARM.Collect$$rtentry$$0000000A  c_w.l(__rtentry2.o)
    0x0000045e   0x0000045e   0x00000000   Code   RO          330    .ARM.Collect$$rtentry$$0000000C  c_w.l(__rtentry2.o)
    0x0000045e   0x0000045e   0x00000008   Code   RO          331    .ARM.Collect$$rtentry$$0000000D  c_w.l(__rtentry2.o)
    0x00000466   0x00000466   0x00000002   PAD
    0x00000468   0x00000468   0x00000004   Code   RO          340    .ARM.Collect$$rtentry$$00002716  c_w.l(__rtentry5.o)
    0x0000046c   0x0000046c   0x00000002   Code   RO          451    .ARM.Collect$$rtexit$$00000000  c_w.l(rtexit.o)
    0x0000046e   0x0000046e   0x00000000   Code   RO          465    .ARM.Collect$$rtexit$$00000002  c_w.l(rtexit2.o)
    0x0000046e   0x0000046e   0x00000004   Code   RO          466    .ARM.Collect$$rtexit$$00000003  c_w.l(rtexit2.o)
    0x00000472   0x00000472   0x00000006   Code   RO          467    .ARM.Collect$$rtexit$$00000004  c_w.l(rtexit2.o)
    0x00000478   0x00000478   0x00000038   Code   RO          204    .text               startup_armcm4.o
    0x000004b0   0x000004b0   0x00000018   Code   RO          253    .text               c_w.l(noretval__2printf.o)
    0x000004c8   0x000004c8   0x0000010e   Code   RO          265    .text               c_w.l(__printf_wp.o)
    0x000005d6   0x000005d6   0x00000006   Code   RO          279    .text               c_w.l(heapauxi.o)
    0x000005dc   0x000005dc   0x0000041e   Code   RO          310    .text               c_w.l(_printf_fp_dec.o)
    0x000009fa   0x000009fa   0x00000002   PAD
    0x000009fc   0x000009fc   0x00000024   Code   RO          312    .text               c_w.l(_printf_char_file.o)
    0x00000a20   0x00000a20   0x00000008   Code   RO          347    .text               c_w.l(rt_locale_intlibspace.o)
    0x00000a28   0x00000a28   0x0000008a   Code   RO          349    .text               c_w.l(lludiv10.o)
    0x00000ab2   0x00000ab2   0x00000002   PAD
    0x00000ab4   0x00000ab4   0x00000030   Code   RO          351    .text               c_w.l(_printf_char_common.o)
    0x00000ae4   0x00000ae4   0x00000080   Code   RO          353    .text               c_w.l(_printf_fp_infnan.o)
    0x00000b64   0x00000b64   0x000000e4   Code   RO          355    .text               c_w.l(bigflt0.o)
    0x00000c48   0x00000c48   0x00000012   Code   RO          394    .text               c_w.l(exit.o)
    0x00000c5a   0x00000c5a   0x00000002   PAD
    0x00000c5c   0x00000c5c   0x00000080   Code   RO          396    .text               c_w.l(strcmpv7m.o)
    0x00000cdc   0x00000cdc   0x0000003e   Code   RO          358    CL$$btod_d2e        c_w.l(btod.o)
    0x00000d1a   0x00000d1a   0x00000046   Code   RO          360    CL$$btod_d2e_denorm_low  c_w.l(btod.o)
    0x00000d60   0x00000d60   0x00000060   Code   RO          359    CL$$btod_d2e_norm_op1  c_w.l(btod.o)
    0x00000dc0   0x00000dc0   0x00000338   Code   RO          368    CL$$btod_div_common  c_w.l(btod.o)
    0x000010f8   0x000010f8   0x000000dc   Code   RO          365    CL$$btod_e2e        c_w.l(btod.o)
    0x000011d4   0x000011d4   0x0000002a   Code   RO          362    CL$$btod_ediv       c_w.l(btod.o)
    0x000011fe   0x000011fe   0x0000002a   Code   RO          361    CL$$btod_emul       c_w.l(btod.o)
    0x00001228   0x00001228   0x00000244   Code   RO          367    CL$$btod_mult_common  c_w.l(btod.o)
    0x0000146c   0x0000146c   0x000000c8   Code   RO          108    i.DisplayCo2Level   co2.o
    0x00001534   0x00001534   0x000000cc   Code   RO          175    i.DisplayPm25Level  pm25.o
    0x00001600   0x00001600   0x0000012c   Code   RO          141    i.GetCelTem         tem.o
    0x0000172c   0x0000172c   0x00000012   Code   RO          109    i.GetCo2Level       co2.o
    0x0000173e   0x0000173e   0x00000002   PAD
    0x00001740   0x00001740   0x00000040   Code   RO          142    i.GetFahTem         tem.o
    0x00001780   0x00001780   0x0000002e   Code   RO          176    i.GetPm25Level      pm25.o
    0x000017ae   0x000017ae   0x00000006   Code   RO          110    i.GetRawData        co2.o
    0x000017b4   0x000017b4   0x00000038   Code   RO          143    i.GetRawData        tem.o
    0x000017ec   0x000017ec   0x00000004   Code   RO          177    i.GetRawData        pm25.o
    0x000017f0   0x000017f0   0x00000008   Code   RO            4    i.GetTemCofHmi      main.o
    0x000017f8   0x000017f8   0x0000000c   Code   RO          144    i.SetTemCof         tem.o
    0x00001804   0x00001804   0x00000020   Code   RO          212    i.SystemInit        system_armcm4.o
    0x00001824   0x00001824   0x00000028   Code   RO          385    i.__ARM_fpclassify  m_ws.l(fpclassify.o)
    0x0000184c   0x0000184c   0x0000000e   Code   RO          267    i._is_digit         c_w.l(__printf_wp.o)
    0x0000185a   0x0000185a   0x00000004   Code   RO            5    i._sys_exit         main.o
    0x0000185e   0x0000185e   0x00000008   Code   RO            7    i.ferror            main.o
    0x00001866   0x00001866   0x00000002   PAD
    0x00001868   0x00001868   0x00000038   Code   RO            9    i.fputc             main.o
    0x000018a0   0x000018a0   0x000000a4   Code   RO           10    i.main              main.o
    0x00001944   0x00001944   0x0000002c   Code   RO          381    locale$$code        c_w.l(lc_numeric_c.o)
    0x00001970   0x00001970   0x0000000c   Code   RO          315    x$fpl$dretinf       fz_ws.l(dretinf.o)
    0x0000197c   0x0000197c   0x00000056   Code   RO          283    x$fpl$f2d           fz_ws.l(f2d.o)
    0x000019d2   0x000019d2   0x00000002   PAD
    0x000019d4   0x000019d4   0x000000c4   Code   RO          285    x$fpl$fadd          fz_ws.l(faddsub_clz.o)
    0x00001a98   0x00001a98   0x00000018   Code   RO          317    x$fpl$fcmpinf       fz_ws.l(fcmpi.o)
    0x00001ab0   0x00001ab0   0x00000184   Code   RO          292    x$fpl$fdiv          fz_ws.l(fdiv.o)
    0x00001c34   0x00001c34   0x00000026   Code   RO          295    x$fpl$ffltu         fz_ws.l(fflt_clz.o)
    0x00001c5a   0x00001c5a   0x00000002   PAD
    0x00001c5c   0x00001c5c   0x00000068   Code   RO          301    x$fpl$fleqf         fz_ws.l(fleqf.o)
    0x00001cc4   0x00001cc4   0x00000102   Code   RO          303    x$fpl$fmul          fz_ws.l(fmul.o)
    0x00001dc6   0x00001dc6   0x0000008c   Code   RO          319    x$fpl$fnaninf       fz_ws.l(fnaninf.o)
    0x00001e52   0x00001e52   0x0000000a   Code   RO          321    x$fpl$fretinf       fz_ws.l(fretinf.o)
    0x00001e5c   0x00001e5c   0x00000062   Code   RO          305    x$fpl$frleqf        fz_ws.l(frleqf.o)
    0x00001ebe   0x00001ebe   0x00000002   PAD
    0x00001ec0   0x00001ec0   0x000000ea   Code   RO          287    x$fpl$fsub          fz_ws.l(faddsub_clz.o)
    0x00001faa   0x00001faa   0x00000004   Code   RO          307    x$fpl$printf1       fz_ws.l(printf1.o)
    0x00001fae   0x00001fae   0x00000000   Code   RO          323    x$fpl$usenofp       fz_ws.l(usenofp.o)
    0x00001fae   0x00001fae   0x00000002   PAD
    0x00001fb0   0x00001fb0   0x00000094   Data   RO          356    .constdata          c_w.l(bigflt0.o)
    0x00002044   0x00002044   0x00000020   Data   RO          530    Region$$Table       anon$$obj.o
    0x00002064   0x00002064   0x0000001c   Data   RO          380    locale$$data        c_w.l(lc_numeric_c.o)


    Execution Region RW_IRAM1 (Exec base: 0x20000000, Load base: 0x00002080, Size: 0x00000478, Max: 0x00020000, ABSOLUTE)

    Exec Addr    Load Addr    Size         Type   Attr      Idx    E Section Name        Object

    0x20000000   0x00002080   0x0000000c   Data   RW           11    .data               main.o
    0x2000000c   0x0000208c   0x00000005   Data   RW          145    .data               tem.o
    0x20000011   0x00002091   0x00000003   PAD
    0x20000014   0x00002094   0x00000004   Data   RW          213    .data               system_armcm4.o
    0x20000018        -       0x00000060   Zero   RW          388    .bss                c_w.l(libspace.o)
    0x20000078        -       0x00000400   Zero   RW          201    STACK               startup_armcm4.o


==============================================================================

Image component sizes


      Code (inc. data)   RO Data    RW Data    ZI Data      Debug   Object Name

       224        148          0          0          0       1824   co2.o
       240         80          0         12          0      40526   main.o
       254        152          0          0          0       1510   pm25.o
        56         10        960          0       1024       1192   startup_armcm4.o
        32         18          0          4          0        751   system_armcm4.o
       432        118          0          5          0       2328   tem.o

    ----------------------------------------------------------------------
      1242        526        992         24       1024      48131   Object Totals
         0          0         32          0          0          0   (incl. Generated)
         4          0          0          3          0          0   (incl. Padding)

    ----------------------------------------------------------------------

      Code (inc. data)   RO Data    RW Data    ZI Data      Debug   Library Member Name

         8          0          0          0          0         68   __main.o
       284          0          0          0          0        156   __printf_wp.o
         0          0          0          0          0          0   __rtentry.o
        12          0          0          0          0          0   __rtentry2.o
         8          4          0          0          0          0   __rtentry5.o
        52          8          0          0          0          0   __scatter.o
        26          0          0          0          0          0   __scatter_copy.o
        28          0          0          0          0          0   __scatter_zi.o
        48          6          0          0          0         96   _printf_char_common.o
        36          4          0          0          0         80   _printf_char_file.o
         6          0          0          0          0          0   _printf_f.o
      1054          0          0          0          0        216   _printf_fp_dec.o
       128         16          0          0          0         84   _printf_fp_infnan.o
         0          0          0          0          0          0   _printf_percent.o
         4          0          0          0          0          0   _printf_percent_end.o
       228          4        148          0          0         96   bigflt0.o
      1936        128          0          0          0        672   btod.o
        18          0          0          0          0         80   exit.o
         6          0          0          0          0        152   heapauxi.o
        44         10         28          0          0         76   lc_numeric_c.o
         2          0          0          0          0          0   libinit.o
        18          0          0          0          0          0   libinit2.o
         2          0          0          0          0          0   libshutdown.o
         2          0          0          0          0          0   libshutdown2.o
         0          0          0          0         96          0   libspace.o
       138          0          0          0          0         80   lludiv10.o
        24          4          0          0          0         84   noretval__2printf.o
         8          4          0          0          0         68   rt_locale_intlibspace.o
         2          0          0          0          0          0   rtexit.o
        10          0          0          0          0          0   rtexit2.o
       128          0          0          0          0         68   strcmpv7m.o
        12          0          0          0          0         68   dretinf.o
        86          4          0          0          0         84   f2d.o
       430          8          0          0          0        168   faddsub_clz.o
        24          0          0          0          0         68   fcmpi.o
       388         76          0          0          0         96   fdiv.o
        38          0          0          0          0         68   fflt_clz.o
       104          4          0          0          0         84   fleqf.o
       258          4          0          0          0         84   fmul.o
       140          4          0          0          0         84   fnaninf.o
        10          0          0          0          0         68   fretinf.o
        98          0          0          0          0         68   frleqf.o
         4          0          0          0          0         68   printf1.o
         0          0          0          0          0          0   usenofp.o
        40          0          0          0          0         68   fpclassify.o

    ----------------------------------------------------------------------
      5910        288        176          0         96       3152   Library Totals
        18          0          0          0          0          0   (incl. Padding)

    ----------------------------------------------------------------------

      Code (inc. data)   RO Data    RW Data    ZI Data      Debug   Library Name

      4260        188        176          0         96       2076   c_w.l
      1592        100          0          0          0       1008   fz_ws.l
        40          0          0          0          0         68   m_ws.l

    ----------------------------------------------------------------------
      5910        288        176          0         96       3152   Library Totals

    ----------------------------------------------------------------------

==============================================================================


      Code (inc. data)   RO Data    RW Data    ZI Data      Debug   

      7152        814       1168         24       1120      48835   Grand Totals
      7152        814       1168         24       1120      48835   ELF Image Totals
      7152        814       1168         24          0          0   ROM Totals

==============================================================================

    Total RO  Size (Code + RO Data)                 8320 (   8.13kB)
    Total RW  Size (RW Data + ZI Data)              1144 (   1.12kB)
    Total ROM Size (Code + RO Data + RW Data)       8344 (   8.15kB)

==============================================================================

